com\example\autoclicker\AutoClickerApp$MacWindowControls.class
com\example\autoclicker\AutoClickerApp$TrafficLightPanel.class
com\example\autoclicker\AutoClickerApp$MacComboBoxUI.class
com\example\autoclicker\AutoClickerApp$PointActionType.class
com\example\autoclicker\AutoClickerApp$RoundButton.class
com\example\autoclicker\AutoClickerApp$HotkeyCaptureField$1.class
com\example\autoclicker\AutoClickerApp$4.class
com\example\autoclicker\AutoClickerApp$RecordedActionType.class
com\example\autoclicker\AutoClickerApp$2.class
com\example\autoclicker\AutoClickerApp$MacCircleButton.class
com\example\autoclicker\AutoClickerApp$ClickPoint.class
com\example\autoclicker\AutoClickerApp$DragWindowAdapter.class
com\example\autoclicker\AutoClickerApp$GlassBackgroundPanel.class
com\example\autoclicker\AutoClickerApp$3.class
com\example\autoclicker\AutoClickerApp$RoundPanel.class
com\example\autoclicker\AutoClickerApp$HotkeyCaptureField.class
com\example\autoclicker\AutoClickerApp$MacPointRenderer.class
com\example\autoclicker\AutoClickerApp.class
com\example\autoclicker\AutoClickerApp$5.class
com\example\autoclicker\AutoClickerApp$RecordedMouseAction.class
com\example\autoclicker\AutoClickerApp$1.class
